Archive member included to satisfy reference by file (symbol)

/usr/lib/gcc/avr/5.4.0/avrxmega6/libgcc.a(_exit.o)
                              /usr/lib/gcc/avr/5.4.0/../../../avr/lib/avrxmega6/crtatxmega128d3.o (exit)
/usr/lib/gcc/avr/5.4.0/avrxmega6/libgcc.a(_copy_data.o)
                              objdir-CWLITEXMEGA/example_1.o (__do_copy_data)
/usr/lib/gcc/avr/5.4.0/avrxmega6/libgcc.a(_clear_bss.o)
                              objdir-CWLITEXMEGA/simpleserial.o (__do_clear_bss)

Speicherkonfiguration

Name             Ursprung           Länge             Attribute
text             0x0000000000000000 0x0000000000022000 xr
data             0x0000000000802000 0x0000000000002000 rw !x
eeprom           0x0000000000810000 0x0000000000000800 rw !x
fuse             0x0000000000820000 0x0000000000000006 rw !x
lock             0x0000000000830000 0x0000000000000400 rw !x
signature        0x0000000000840000 0x0000000000000400 rw !x
user_signatures  0x0000000000850000 0x0000000000000400 rw !x
*default*        0x0000000000000000 0xffffffffffffffff

Linker script and memory map

LOAD /usr/lib/gcc/avr/5.4.0/../../../avr/lib/avrxmega6/crtatxmega128d3.o
LOAD objdir-CWLITEXMEGA/example_1.o
LOAD objdir-CWLITEXMEGA/simpleserial.o
LOAD objdir-CWLITEXMEGA/XMEGA_AES_driver.o
LOAD objdir-CWLITEXMEGA/uart.o
LOAD objdir-CWLITEXMEGA/usart_driver.o
LOAD objdir-CWLITEXMEGA/xmega_hal.o
LOAD /usr/lib/gcc/avr/5.4.0/../../../avr/lib/avrxmega6/libm.a
START GROUP
LOAD /usr/lib/gcc/avr/5.4.0/avrxmega6/libgcc.a
LOAD /usr/lib/gcc/avr/5.4.0/../../../avr/lib/avrxmega6/libm.a
LOAD /usr/lib/gcc/avr/5.4.0/../../../avr/lib/avrxmega6/libc.a
LOAD /usr/lib/gcc/avr/5.4.0/../../../avr/lib/avrxmega6/libatxmega128d3.a
END GROUP
                [0x0000000000000000]                __TEXT_REGION_ORIGIN__ = DEFINED (__TEXT_REGION_ORIGIN__)?__TEXT_REGION_ORIGIN__:0x0
                [0x0000000000802000]                __DATA_REGION_ORIGIN__ = DEFINED (__DATA_REGION_ORIGIN__)?__DATA_REGION_ORIGIN__:0x802000
                [0x0000000000022000]                __TEXT_REGION_LENGTH__ = DEFINED (__TEXT_REGION_LENGTH__)?__TEXT_REGION_LENGTH__:0x100000
                [0x0000000000002000]                __DATA_REGION_LENGTH__ = DEFINED (__DATA_REGION_LENGTH__)?__DATA_REGION_LENGTH__:0xffa0
                [0x0000000000000800]                __EEPROM_REGION_LENGTH__ = DEFINED (__EEPROM_REGION_LENGTH__)?__EEPROM_REGION_LENGTH__:0x10000
                [0x0000000000000006]                __FUSE_REGION_LENGTH__ = DEFINED (__FUSE_REGION_LENGTH__)?__FUSE_REGION_LENGTH__:0x400
                0x0000000000000400                __LOCK_REGION_LENGTH__ = DEFINED (__LOCK_REGION_LENGTH__)?__LOCK_REGION_LENGTH__:0x400
                0x0000000000000400                __SIGNATURE_REGION_LENGTH__ = DEFINED (__SIGNATURE_REGION_LENGTH__)?__SIGNATURE_REGION_LENGTH__:0x400
                0x0000000000000400                __USER_SIGNATURE_REGION_LENGTH__ = DEFINED (__USER_SIGNATURE_REGION_LENGTH__)?__USER_SIGNATURE_REGION_LENGTH__:0x400

.hash
 *(.hash)

.dynsym
 *(.dynsym)

.dynstr
 *(.dynstr)

.gnu.version
 *(.gnu.version)

.gnu.version_d
 *(.gnu.version_d)

.gnu.version_r
 *(.gnu.version_r)

.rel.init
 *(.rel.init)

.rela.init
 *(.rela.init)

.rel.text
 *(.rel.text)
 *(.rel.text.*)
 *(.rel.gnu.linkonce.t*)

.rela.text
 *(.rela.text)
 *(.rela.text.*)
 *(.rela.gnu.linkonce.t*)

.rel.fini
 *(.rel.fini)

.rela.fini
 *(.rela.fini)

.rel.rodata
 *(.rel.rodata)
 *(.rel.rodata.*)
 *(.rel.gnu.linkonce.r*)

.rela.rodata
 *(.rela.rodata)
 *(.rela.rodata.*)
 *(.rela.gnu.linkonce.r*)

.rel.data
 *(.rel.data)
 *(.rel.data.*)
 *(.rel.gnu.linkonce.d*)

.rela.data
 *(.rela.data)
 *(.rela.data.*)
 *(.rela.gnu.linkonce.d*)

.rel.ctors
 *(.rel.ctors)

.rela.ctors
 *(.rela.ctors)

.rel.dtors
 *(.rel.dtors)

.rela.dtors
 *(.rela.dtors)

.rel.got
 *(.rel.got)

.rela.got
 *(.rela.got)

.rel.bss
 *(.rel.bss)

.rela.bss
 *(.rela.bss)

.rel.plt
 *(.rel.plt)

.rela.plt
 *(.rela.plt)

.text           0x0000000000000000      0x7d4
 *(.vectors)
 .vectors       0x0000000000000000      0x1c8 /usr/lib/gcc/avr/5.4.0/../../../avr/lib/avrxmega6/crtatxmega128d3.o
                0x0000000000000000                __vectors
                0x0000000000000000                __vector_default
 *(.vectors)
 *(.progmem.gcc*)
                0x00000000000001c8                . = ALIGN (0x2)
                0x00000000000001c8                __trampolines_start = .
 *(.trampolines)
 .trampolines   0x00000000000001c8        0xc linker stubs
 *(.trampolines*)
                0x00000000000001d4                __trampolines_end = .
 *libprintf_flt.a:*(.progmem.data)
 *libc.a:*(.progmem.data)
 *(.progmem*)
                0x00000000000001d4                . = ALIGN (0x2)
 *(.jumptables)
 *(.jumptables*)
 *(.lowtext)
 *(.lowtext*)
                0x00000000000001d4                __ctors_start = .
 *(.ctors)
                0x00000000000001d4                __ctors_end = .
                0x00000000000001d4                __dtors_start = .
 *(.dtors)
                0x00000000000001d4                __dtors_end = .
 SORT(*)(.ctors)
 SORT(*)(.dtors)
 *(.init0)
 .init0         0x00000000000001d4        0x0 /usr/lib/gcc/avr/5.4.0/../../../avr/lib/avrxmega6/crtatxmega128d3.o
                0x00000000000001d4                __init
 *(.init0)
 *(.init1)
 *(.init1)
 *(.init2)
 .init2         0x00000000000001d4       0x10 /usr/lib/gcc/avr/5.4.0/../../../avr/lib/avrxmega6/crtatxmega128d3.o
 *(.init2)
 *(.init3)
 *(.init3)
 *(.init4)
 .init4         0x00000000000001e4       0x1a /usr/lib/gcc/avr/5.4.0/avrxmega6/libgcc.a(_copy_data.o)
                0x00000000000001e4                __do_copy_data
 .init4         0x00000000000001fe       0x10 /usr/lib/gcc/avr/5.4.0/avrxmega6/libgcc.a(_clear_bss.o)
                0x00000000000001fe                __do_clear_bss
 *(.init4)
 *(.init5)
 *(.init5)
 *(.init6)
 *(.init6)
 *(.init7)
 *(.init7)
 *(.init8)
 *(.init8)
 *(.init9)
 .init9         0x000000000000020e        0x8 /usr/lib/gcc/avr/5.4.0/../../../avr/lib/avrxmega6/crtatxmega128d3.o
 *(.init9)
 *(.text)
 .text          0x0000000000000216        0x4 /usr/lib/gcc/avr/5.4.0/../../../avr/lib/avrxmega6/crtatxmega128d3.o
                0x0000000000000216                __vector_38
                0x0000000000000216                __vector_104
                0x0000000000000216                __vector_22
                0x0000000000000216                __vector_63
                0x0000000000000216                __vector_28
                0x0000000000000216                __vector_67
                0x0000000000000216                __vector_1
                0x0000000000000216                __vector_32
                0x0000000000000216                __vector_75
                0x0000000000000216                __vector_71
                0x0000000000000216                __vector_91
                0x0000000000000216                __vector_34
                0x0000000000000216                __vector_62
                0x0000000000000216                __vector_77
                0x0000000000000216                __vector_102
                0x0000000000000216                __vector_24
                0x0000000000000216                __vector_12
                0x0000000000000216                __vector_55
                0x0000000000000216                __vector_69
                0x0000000000000216                __vector_81
                0x0000000000000216                __vector_90
                0x0000000000000216                __vector_46
                0x0000000000000216                __bad_interrupt
                0x0000000000000216                __vector_72
                0x0000000000000216                __vector_6
                0x0000000000000216                __vector_110
                0x0000000000000216                __vector_31
                0x0000000000000216                __vector_92
                0x0000000000000216                __vector_35
                0x0000000000000216                __vector_78
                0x0000000000000216                __vector_74
                0x0000000000000216                __vector_39
                0x0000000000000216                __vector_107
                0x0000000000000216                __vector_3
                0x0000000000000216                __vector_105
                0x0000000000000216                __vector_98
                0x0000000000000216                __vector_23
                0x0000000000000216                __vector_68
                0x0000000000000216                __vector_30
                0x0000000000000216                __vector_73
                0x0000000000000216                __vector_45
                0x0000000000000216                __vector_25
                0x0000000000000216                __vector_93
                0x0000000000000216                __vector_61
                0x0000000000000216                __vector_11
                0x0000000000000216                __vector_54
                0x0000000000000216                __vector_99
                0x0000000000000216                __vector_13
                0x0000000000000216                __vector_17
                0x0000000000000216                __vector_19
                0x0000000000000216                __vector_56
                0x0000000000000216                __vector_7
                0x0000000000000216                __vector_49
                0x0000000000000216                __vector_41
                0x0000000000000216                __vector_86
                0x0000000000000216                __vector_100
                0x0000000000000216                __vector_101
                0x0000000000000216                __vector_64
                0x0000000000000216                __vector_88
                0x0000000000000216                __vector_109
                0x0000000000000216                __vector_43
                0x0000000000000216                __vector_27
                0x0000000000000216                __vector_5
                0x0000000000000216                __vector_113
                0x0000000000000216                __vector_33
                0x0000000000000216                __vector_76
                0x0000000000000216                __vector_47
                0x0000000000000216                __vector_52
                0x0000000000000216                __vector_37
                0x0000000000000216                __vector_95
                0x0000000000000216                __vector_103
                0x0000000000000216                __vector_96
                0x0000000000000216                __vector_89
                0x0000000000000216                __vector_108
                0x0000000000000216                __vector_4
                0x0000000000000216                __vector_44
                0x0000000000000216                __vector_82
                0x0000000000000216                __vector_106
                0x0000000000000216                __vector_51
                0x0000000000000216                __vector_9
                0x0000000000000216                __vector_2
                0x0000000000000216                __vector_21
                0x0000000000000216                __vector_15
                0x0000000000000216                __vector_66
                0x0000000000000216                __vector_36
                0x0000000000000216                __vector_79
                0x0000000000000216                __vector_58
                0x0000000000000216                __vector_70
                0x0000000000000216                __vector_83
                0x0000000000000216                __vector_29
                0x0000000000000216                __vector_60
                0x0000000000000216                __vector_40
                0x0000000000000216                __vector_85
                0x0000000000000216                __vector_94
                0x0000000000000216                __vector_8
                0x0000000000000216                __vector_26
                0x0000000000000216                __vector_48
                0x0000000000000216                __vector_112
                0x0000000000000216                __vector_111
                0x0000000000000216                __vector_80
                0x0000000000000216                __vector_14
                0x0000000000000216                __vector_84
                0x0000000000000216                __vector_57
                0x0000000000000216                __vector_53
                0x0000000000000216                __vector_10
                0x0000000000000216                __vector_50
                0x0000000000000216                __vector_16
                0x0000000000000216                __vector_59
                0x0000000000000216                __vector_18
                0x0000000000000216                __vector_97
                0x0000000000000216                __vector_20
                0x0000000000000216                __vector_42
                0x0000000000000216                __vector_87
                0x0000000000000216                __vector_65
 .text          0x000000000000021a       0x26 objdir-CWLITEXMEGA/example_1.o
                0x000000000000021a                hello
 .text          0x0000000000000240      0x39c objdir-CWLITEXMEGA/simpleserial.o
                0x0000000000000240                ss_crc
                0x0000000000000268                ss_puts
                0x0000000000000280                stuff_data
                0x00000000000002aa                unstuff_data
                0x00000000000002ca                simpleserial_addcmd
                0x000000000000031a                simpleserial_init
                0x0000000000000336                simpleserial_put
                0x00000000000003e0                check_version
                0x0000000000000406                ss_get_commands
                0x000000000000046a                simpleserial_get
 .text          0x00000000000005dc        0x0 objdir-CWLITEXMEGA/XMEGA_AES_driver.o
 .text          0x00000000000005dc       0x88 objdir-CWLITEXMEGA/uart.o
                0x00000000000005dc                init_uart0
                0x0000000000000604                input_ch_w_timeout_0
                0x0000000000000648                input_ch_0
                0x0000000000000656                output_ch_0
 .text          0x0000000000000664      0x11a objdir-CWLITEXMEGA/usart_driver.o
                0x0000000000000664                USART_InterruptDriver_Initialize
                0x0000000000000676                USART_InterruptDriver_DreInterruptLevel_Set
                0x000000000000067c                USART_TXBuffer_FreeSpace
                0x0000000000000690                USART_TXBuffer_PutByte
                0x00000000000006c8                USART_RXBufferData_Available
                0x00000000000006d8                USART_RXBuffer_GetByte
                0x00000000000006f0                USART_RXComplete
                0x000000000000071a                USART_DataRegEmpty
                0x0000000000000754                USART_NineBits_PutChar
                0x0000000000000768                USART_NineBits_GetChar
 .text          0x000000000000077e       0x2c objdir-CWLITEXMEGA/xmega_hal.o
                0x000000000000077e                platform_init
 .text          0x00000000000007aa        0x0 /usr/lib/gcc/avr/5.4.0/avrxmega6/libgcc.a(_exit.o)
 .text          0x00000000000007aa        0x0 /usr/lib/gcc/avr/5.4.0/avrxmega6/libgcc.a(_copy_data.o)
 .text          0x00000000000007aa        0x0 /usr/lib/gcc/avr/5.4.0/avrxmega6/libgcc.a(_clear_bss.o)
                0x00000000000007aa                . = ALIGN (0x2)
 *(.text.*)
 .text.startup  0x00000000000007aa       0x26 objdir-CWLITEXMEGA/example_1.o
                0x00000000000007aa                main
 .text.libgcc.mul
                0x00000000000007d0        0x0 /usr/lib/gcc/avr/5.4.0/avrxmega6/libgcc.a(_exit.o)
 .text.libgcc.div
                0x00000000000007d0        0x0 /usr/lib/gcc/avr/5.4.0/avrxmega6/libgcc.a(_exit.o)
 .text.libgcc   0x00000000000007d0        0x0 /usr/lib/gcc/avr/5.4.0/avrxmega6/libgcc.a(_exit.o)
 .text.libgcc.prologue
                0x00000000000007d0        0x0 /usr/lib/gcc/avr/5.4.0/avrxmega6/libgcc.a(_exit.o)
 .text.libgcc.builtins
                0x00000000000007d0        0x0 /usr/lib/gcc/avr/5.4.0/avrxmega6/libgcc.a(_exit.o)
 .text.libgcc.fmul
                0x00000000000007d0        0x0 /usr/lib/gcc/avr/5.4.0/avrxmega6/libgcc.a(_exit.o)
 .text.libgcc.fixed
                0x00000000000007d0        0x0 /usr/lib/gcc/avr/5.4.0/avrxmega6/libgcc.a(_exit.o)
 .text.libgcc.mul
                0x00000000000007d0        0x0 /usr/lib/gcc/avr/5.4.0/avrxmega6/libgcc.a(_copy_data.o)
 .text.libgcc.div
                0x00000000000007d0        0x0 /usr/lib/gcc/avr/5.4.0/avrxmega6/libgcc.a(_copy_data.o)
 .text.libgcc   0x00000000000007d0        0x0 /usr/lib/gcc/avr/5.4.0/avrxmega6/libgcc.a(_copy_data.o)
 .text.libgcc.prologue
                0x00000000000007d0        0x0 /usr/lib/gcc/avr/5.4.0/avrxmega6/libgcc.a(_copy_data.o)
 .text.libgcc.builtins
                0x00000000000007d0        0x0 /usr/lib/gcc/avr/5.4.0/avrxmega6/libgcc.a(_copy_data.o)
 .text.libgcc.fmul
                0x00000000000007d0        0x0 /usr/lib/gcc/avr/5.4.0/avrxmega6/libgcc.a(_copy_data.o)
 .text.libgcc.fixed
                0x00000000000007d0        0x0 /usr/lib/gcc/avr/5.4.0/avrxmega6/libgcc.a(_copy_data.o)
 .text.libgcc.mul
                0x00000000000007d0        0x0 /usr/lib/gcc/avr/5.4.0/avrxmega6/libgcc.a(_clear_bss.o)
 .text.libgcc.div
                0x00000000000007d0        0x0 /usr/lib/gcc/avr/5.4.0/avrxmega6/libgcc.a(_clear_bss.o)
 .text.libgcc   0x00000000000007d0        0x0 /usr/lib/gcc/avr/5.4.0/avrxmega6/libgcc.a(_clear_bss.o)
 .text.libgcc.prologue
                0x00000000000007d0        0x0 /usr/lib/gcc/avr/5.4.0/avrxmega6/libgcc.a(_clear_bss.o)
 .text.libgcc.builtins
                0x00000000000007d0        0x0 /usr/lib/gcc/avr/5.4.0/avrxmega6/libgcc.a(_clear_bss.o)
 .text.libgcc.fmul
                0x00000000000007d0        0x0 /usr/lib/gcc/avr/5.4.0/avrxmega6/libgcc.a(_clear_bss.o)
 .text.libgcc.fixed
                0x00000000000007d0        0x0 /usr/lib/gcc/avr/5.4.0/avrxmega6/libgcc.a(_clear_bss.o)
                0x00000000000007d0                . = ALIGN (0x2)
 *(.fini9)
 .fini9         0x00000000000007d0        0x0 /usr/lib/gcc/avr/5.4.0/avrxmega6/libgcc.a(_exit.o)
                0x00000000000007d0                exit
                0x00000000000007d0                _exit
 *(.fini9)
 *(.fini8)
 *(.fini8)
 *(.fini7)
 *(.fini7)
 *(.fini6)
 *(.fini6)
 *(.fini5)
 *(.fini5)
 *(.fini4)
 *(.fini4)
 *(.fini3)
 *(.fini3)
 *(.fini2)
 *(.fini2)
 *(.fini1)
 *(.fini1)
 *(.fini0)
 .fini0         0x00000000000007d0        0x4 /usr/lib/gcc/avr/5.4.0/avrxmega6/libgcc.a(_exit.o)
 *(.fini0)
                0x00000000000007d4                _etext = .

.data           0x0000000000802000        0xe load address 0x00000000000007d4
                0x0000000000802000                PROVIDE (__data_start, .)
 *(.data)
 .data          0x0000000000802000        0x0 /usr/lib/gcc/avr/5.4.0/../../../avr/lib/avrxmega6/crtatxmega128d3.o
 .data          0x0000000000802000        0x0 objdir-CWLITEXMEGA/example_1.o
 .data          0x0000000000802000        0x0 objdir-CWLITEXMEGA/simpleserial.o
 .data          0x0000000000802000        0x0 objdir-CWLITEXMEGA/XMEGA_AES_driver.o
 .data          0x0000000000802000        0x0 objdir-CWLITEXMEGA/uart.o
 .data          0x0000000000802000        0x0 objdir-CWLITEXMEGA/usart_driver.o
 .data          0x0000000000802000        0x0 objdir-CWLITEXMEGA/xmega_hal.o
 .data          0x0000000000802000        0x0 /usr/lib/gcc/avr/5.4.0/avrxmega6/libgcc.a(_exit.o)
 .data          0x0000000000802000        0x0 /usr/lib/gcc/avr/5.4.0/avrxmega6/libgcc.a(_copy_data.o)
 .data          0x0000000000802000        0x0 /usr/lib/gcc/avr/5.4.0/avrxmega6/libgcc.a(_clear_bss.o)
 *(.data*)
 *(.gnu.linkonce.d*)
 *(.rodata)
 *(.rodata*)
 .rodata.str1.1
                0x0000000000802000        0xd objdir-CWLITEXMEGA/example_1.o
 *(.gnu.linkonce.r*)
                0x000000000080200e                . = ALIGN (0x2)
 *fill*         0x000000000080200d        0x1 
                0x000000000080200e                _edata = .
                0x000000000080200e                PROVIDE (__data_end, .)

.bss            0x000000000080200e       0x52
                0x000000000080200e                PROVIDE (__bss_start, .)
 *(.bss)
 .bss           0x000000000080200e        0x0 /usr/lib/gcc/avr/5.4.0/../../../avr/lib/avrxmega6/crtatxmega128d3.o
 .bss           0x000000000080200e        0x0 objdir-CWLITEXMEGA/example_1.o
 .bss           0x000000000080200e       0x52 objdir-CWLITEXMEGA/simpleserial.o
 .bss           0x0000000000802060        0x0 objdir-CWLITEXMEGA/XMEGA_AES_driver.o
 .bss           0x0000000000802060        0x0 objdir-CWLITEXMEGA/uart.o
 .bss           0x0000000000802060        0x0 objdir-CWLITEXMEGA/usart_driver.o
 .bss           0x0000000000802060        0x0 objdir-CWLITEXMEGA/xmega_hal.o
 .bss           0x0000000000802060        0x0 /usr/lib/gcc/avr/5.4.0/avrxmega6/libgcc.a(_exit.o)
 .bss           0x0000000000802060        0x0 /usr/lib/gcc/avr/5.4.0/avrxmega6/libgcc.a(_copy_data.o)
 .bss           0x0000000000802060        0x0 /usr/lib/gcc/avr/5.4.0/avrxmega6/libgcc.a(_clear_bss.o)
 *(.bss*)
 *(COMMON)
                0x0000000000802060                PROVIDE (__bss_end, .)
                0x00000000000007d4                __data_load_start = LOADADDR (.data)
                0x00000000000007e2                __data_load_end = (__data_load_start + SIZEOF (.data))

.noinit         0x0000000000802060        0x0
                [!provide]                        PROVIDE (__noinit_start, .)
 *(.noinit*)
                [!provide]                        PROVIDE (__noinit_end, .)
                0x0000000000802060                _end = .
                [!provide]                        PROVIDE (__heap_start, .)

.eeprom         0x0000000000810000        0x0
 *(.eeprom*)
                0x0000000000810000                __eeprom_end = .

.fuse
 *(.fuse)
 *(.lfuse)
 *(.hfuse)
 *(.efuse)

.lock
 *(.lock*)

.signature
 *(.signature*)

.user_signatures
 *(.user_signatures*)

.stab
 *(.stab)

.stabstr
 *(.stabstr)

.stab.excl
 *(.stab.excl)

.stab.exclstr
 *(.stab.exclstr)

.stab.index
 *(.stab.index)

.stab.indexstr
 *(.stab.indexstr)

.comment        0x0000000000000000       0x11
 *(.comment)
 .comment       0x0000000000000000       0x11 objdir-CWLITEXMEGA/example_1.o
                                         0x12 (size before relaxing)
 .comment       0x0000000000000011       0x12 objdir-CWLITEXMEGA/simpleserial.o
 .comment       0x0000000000000011       0x12 objdir-CWLITEXMEGA/XMEGA_AES_driver.o
 .comment       0x0000000000000011       0x12 objdir-CWLITEXMEGA/uart.o
 .comment       0x0000000000000011       0x12 objdir-CWLITEXMEGA/usart_driver.o
 .comment       0x0000000000000011       0x12 objdir-CWLITEXMEGA/xmega_hal.o

.note.gnu.avr.deviceinfo
                0x0000000000000000       0x40
 .note.gnu.avr.deviceinfo
                0x0000000000000000       0x40 /usr/lib/gcc/avr/5.4.0/../../../avr/lib/avrxmega6/crtatxmega128d3.o

.note.gnu.build-id
 *(.note.gnu.build-id)

.debug
 *(.debug)

.line
 *(.line)

.debug_srcinfo
 *(.debug_srcinfo)

.debug_sfnames
 *(.debug_sfnames)

.debug_aranges  0x0000000000000000       0xa8
 *(.debug_aranges)
 .debug_aranges
                0x0000000000000000       0x28 objdir-CWLITEXMEGA/example_1.o
 .debug_aranges
                0x0000000000000028       0x20 objdir-CWLITEXMEGA/simpleserial.o
 .debug_aranges
                0x0000000000000048       0x20 objdir-CWLITEXMEGA/uart.o
 .debug_aranges
                0x0000000000000068       0x20 objdir-CWLITEXMEGA/usart_driver.o
 .debug_aranges
                0x0000000000000088       0x20 objdir-CWLITEXMEGA/xmega_hal.o

.debug_pubnames
 *(.debug_pubnames)

.debug_info     0x0000000000000000     0x363e
 *(.debug_info .gnu.linkonce.wi.*)
 .debug_info    0x0000000000000000     0x2168 /usr/lib/gcc/avr/5.4.0/../../../avr/lib/avrxmega6/crtatxmega128d3.o
 .debug_info    0x0000000000002168      0x346 objdir-CWLITEXMEGA/example_1.o
 .debug_info    0x00000000000024ae      0x6b0 objdir-CWLITEXMEGA/simpleserial.o
 .debug_info    0x0000000000002b5e      0x398 objdir-CWLITEXMEGA/uart.o
 .debug_info    0x0000000000002ef6      0x580 objdir-CWLITEXMEGA/usart_driver.o
 .debug_info    0x0000000000003476      0x1c8 objdir-CWLITEXMEGA/xmega_hal.o

.debug_abbrev   0x0000000000000000     0x268f
 *(.debug_abbrev)
 .debug_abbrev  0x0000000000000000     0x1fa2 /usr/lib/gcc/avr/5.4.0/../../../avr/lib/avrxmega6/crtatxmega128d3.o
 .debug_abbrev  0x0000000000001fa2      0x11d objdir-CWLITEXMEGA/example_1.o
 .debug_abbrev  0x00000000000020bf      0x1e1 objdir-CWLITEXMEGA/simpleserial.o
 .debug_abbrev  0x00000000000022a0      0x12c objdir-CWLITEXMEGA/uart.o
 .debug_abbrev  0x00000000000023cc      0x22a objdir-CWLITEXMEGA/usart_driver.o
 .debug_abbrev  0x00000000000025f6       0x99 objdir-CWLITEXMEGA/xmega_hal.o

.debug_line     0x0000000000000000      0xa41
 *(.debug_line .debug_line.* .debug_line_end)
 .debug_line    0x0000000000000000       0x1a /usr/lib/gcc/avr/5.4.0/../../../avr/lib/avrxmega6/crtatxmega128d3.o
 .debug_line    0x000000000000001a      0x1c9 objdir-CWLITEXMEGA/example_1.o
 .debug_line    0x00000000000001e3      0x3c2 objdir-CWLITEXMEGA/simpleserial.o
 .debug_line    0x00000000000005a5        0x0 objdir-CWLITEXMEGA/XMEGA_AES_driver.o
 .debug_line    0x00000000000005a5      0x14c objdir-CWLITEXMEGA/uart.o
 .debug_line    0x00000000000006f1      0x259 objdir-CWLITEXMEGA/usart_driver.o
 .debug_line    0x000000000000094a       0xf7 objdir-CWLITEXMEGA/xmega_hal.o

.debug_frame    0x0000000000000000      0x32c
 *(.debug_frame)
 .debug_frame   0x0000000000000000       0x48 objdir-CWLITEXMEGA/example_1.o
 .debug_frame   0x0000000000000048      0x184 objdir-CWLITEXMEGA/simpleserial.o
 .debug_frame   0x00000000000001cc       0x68 objdir-CWLITEXMEGA/uart.o
 .debug_frame   0x0000000000000234       0xd4 objdir-CWLITEXMEGA/usart_driver.o
 .debug_frame   0x0000000000000308       0x24 objdir-CWLITEXMEGA/xmega_hal.o

.debug_str      0x0000000000000000     0x1fd3
 *(.debug_str)
 .debug_str     0x0000000000000000     0x1641 /usr/lib/gcc/avr/5.4.0/../../../avr/lib/avrxmega6/crtatxmega128d3.o
 .debug_str     0x0000000000001641      0x266 objdir-CWLITEXMEGA/example_1.o
                                        0x29a (size before relaxing)
 .debug_str     0x00000000000018a7      0x150 objdir-CWLITEXMEGA/simpleserial.o
                                        0x2c5 (size before relaxing)
 .debug_str     0x00000000000019f7       0x5b objdir-CWLITEXMEGA/XMEGA_AES_driver.o
                                         0xed (size before relaxing)
 .debug_str     0x0000000000001a52      0x190 objdir-CWLITEXMEGA/uart.o
                                        0x3a8 (size before relaxing)
 .debug_str     0x0000000000001be2      0x296 objdir-CWLITEXMEGA/usart_driver.o
                                        0x447 (size before relaxing)
 .debug_str     0x0000000000001e78      0x15b objdir-CWLITEXMEGA/xmega_hal.o
                                        0x28b (size before relaxing)

.debug_loc      0x0000000000000000      0xc83
 *(.debug_loc)
 .debug_loc     0x0000000000000000       0xc5 objdir-CWLITEXMEGA/example_1.o
 .debug_loc     0x00000000000000c5      0x777 objdir-CWLITEXMEGA/simpleserial.o
 .debug_loc     0x000000000000083c       0xc2 objdir-CWLITEXMEGA/uart.o
 .debug_loc     0x00000000000008fe      0x385 objdir-CWLITEXMEGA/usart_driver.o

.debug_macinfo
 *(.debug_macinfo)

.debug_weaknames
 *(.debug_weaknames)

.debug_funcnames
 *(.debug_funcnames)

.debug_typenames
 *(.debug_typenames)

.debug_varnames
 *(.debug_varnames)

.debug_pubtypes
 *(.debug_pubtypes)

.debug_ranges   0x0000000000000000       0x18
 *(.debug_ranges)
 .debug_ranges  0x0000000000000000       0x18 objdir-CWLITEXMEGA/example_1.o

.debug_macro
 *(.debug_macro)
OUTPUT(example_1-CWLITEXMEGA.elf elf32-avr)
LOAD linker stubs

Querverweistabelle

Symbol                                            Datei
USART_DataRegEmpty                                objdir-CWLITEXMEGA/usart_driver.o
USART_InterruptDriver_DreInterruptLevel_Set       objdir-CWLITEXMEGA/usart_driver.o
USART_InterruptDriver_Initialize                  objdir-CWLITEXMEGA/usart_driver.o
USART_NineBits_GetChar                            objdir-CWLITEXMEGA/usart_driver.o
USART_NineBits_PutChar                            objdir-CWLITEXMEGA/usart_driver.o
USART_RXBufferData_Available                      objdir-CWLITEXMEGA/usart_driver.o
USART_RXBuffer_GetByte                            objdir-CWLITEXMEGA/usart_driver.o
USART_RXComplete                                  objdir-CWLITEXMEGA/usart_driver.o
USART_TXBuffer_FreeSpace                          objdir-CWLITEXMEGA/usart_driver.o
USART_TXBuffer_PutByte                            objdir-CWLITEXMEGA/usart_driver.o
__DATA_REGION_LENGTH__                            /usr/lib/gcc/avr/5.4.0/../../../avr/lib/avrxmega6/crtatxmega128d3.o
__DATA_REGION_ORIGIN__                            /usr/lib/gcc/avr/5.4.0/../../../avr/lib/avrxmega6/crtatxmega128d3.o
__EEPROM_REGION_LENGTH__                          /usr/lib/gcc/avr/5.4.0/../../../avr/lib/avrxmega6/crtatxmega128d3.o
__FUSE_REGION_LENGTH__                            /usr/lib/gcc/avr/5.4.0/../../../avr/lib/avrxmega6/crtatxmega128d3.o
__TEXT_REGION_LENGTH__                            /usr/lib/gcc/avr/5.4.0/../../../avr/lib/avrxmega6/crtatxmega128d3.o
__TEXT_REGION_ORIGIN__                            /usr/lib/gcc/avr/5.4.0/../../../avr/lib/avrxmega6/crtatxmega128d3.o
__bad_interrupt                                   /usr/lib/gcc/avr/5.4.0/../../../avr/lib/avrxmega6/crtatxmega128d3.o
__bss_end                                         /usr/lib/gcc/avr/5.4.0/avrxmega6/libgcc.a(_clear_bss.o)
__bss_start                                       /usr/lib/gcc/avr/5.4.0/avrxmega6/libgcc.a(_clear_bss.o)
__data_end                                        /usr/lib/gcc/avr/5.4.0/avrxmega6/libgcc.a(_copy_data.o)
__data_load_start                                 /usr/lib/gcc/avr/5.4.0/avrxmega6/libgcc.a(_copy_data.o)
__data_start                                      /usr/lib/gcc/avr/5.4.0/avrxmega6/libgcc.a(_copy_data.o)
__do_clear_bss                                    /usr/lib/gcc/avr/5.4.0/avrxmega6/libgcc.a(_clear_bss.o)
                                                  objdir-CWLITEXMEGA/simpleserial.o
__do_copy_data                                    /usr/lib/gcc/avr/5.4.0/avrxmega6/libgcc.a(_copy_data.o)
                                                  objdir-CWLITEXMEGA/example_1.o
__heap_end                                        /usr/lib/gcc/avr/5.4.0/../../../avr/lib/avrxmega6/crtatxmega128d3.o
__init                                            /usr/lib/gcc/avr/5.4.0/../../../avr/lib/avrxmega6/crtatxmega128d3.o
__stack                                           /usr/lib/gcc/avr/5.4.0/../../../avr/lib/avrxmega6/crtatxmega128d3.o
__vector_1                                        /usr/lib/gcc/avr/5.4.0/../../../avr/lib/avrxmega6/crtatxmega128d3.o
__vector_10                                       /usr/lib/gcc/avr/5.4.0/../../../avr/lib/avrxmega6/crtatxmega128d3.o
__vector_100                                      /usr/lib/gcc/avr/5.4.0/../../../avr/lib/avrxmega6/crtatxmega128d3.o
__vector_101                                      /usr/lib/gcc/avr/5.4.0/../../../avr/lib/avrxmega6/crtatxmega128d3.o
__vector_102                                      /usr/lib/gcc/avr/5.4.0/../../../avr/lib/avrxmega6/crtatxmega128d3.o
__vector_103                                      /usr/lib/gcc/avr/5.4.0/../../../avr/lib/avrxmega6/crtatxmega128d3.o
__vector_104                                      /usr/lib/gcc/avr/5.4.0/../../../avr/lib/avrxmega6/crtatxmega128d3.o
__vector_105                                      /usr/lib/gcc/avr/5.4.0/../../../avr/lib/avrxmega6/crtatxmega128d3.o
__vector_106                                      /usr/lib/gcc/avr/5.4.0/../../../avr/lib/avrxmega6/crtatxmega128d3.o
__vector_107                                      /usr/lib/gcc/avr/5.4.0/../../../avr/lib/avrxmega6/crtatxmega128d3.o
__vector_108                                      /usr/lib/gcc/avr/5.4.0/../../../avr/lib/avrxmega6/crtatxmega128d3.o
__vector_109                                      /usr/lib/gcc/avr/5.4.0/../../../avr/lib/avrxmega6/crtatxmega128d3.o
__vector_11                                       /usr/lib/gcc/avr/5.4.0/../../../avr/lib/avrxmega6/crtatxmega128d3.o
__vector_110                                      /usr/lib/gcc/avr/5.4.0/../../../avr/lib/avrxmega6/crtatxmega128d3.o
__vector_111                                      /usr/lib/gcc/avr/5.4.0/../../../avr/lib/avrxmega6/crtatxmega128d3.o
__vector_112                                      /usr/lib/gcc/avr/5.4.0/../../../avr/lib/avrxmega6/crtatxmega128d3.o
__vector_113                                      /usr/lib/gcc/avr/5.4.0/../../../avr/lib/avrxmega6/crtatxmega128d3.o
__vector_12                                       /usr/lib/gcc/avr/5.4.0/../../../avr/lib/avrxmega6/crtatxmega128d3.o
__vector_13                                       /usr/lib/gcc/avr/5.4.0/../../../avr/lib/avrxmega6/crtatxmega128d3.o
__vector_14                                       /usr/lib/gcc/avr/5.4.0/../../../avr/lib/avrxmega6/crtatxmega128d3.o
__vector_15                                       /usr/lib/gcc/avr/5.4.0/../../../avr/lib/avrxmega6/crtatxmega128d3.o
__vector_16                                       /usr/lib/gcc/avr/5.4.0/../../../avr/lib/avrxmega6/crtatxmega128d3.o
__vector_17                                       /usr/lib/gcc/avr/5.4.0/../../../avr/lib/avrxmega6/crtatxmega128d3.o
__vector_18                                       /usr/lib/gcc/avr/5.4.0/../../../avr/lib/avrxmega6/crtatxmega128d3.o
__vector_19                                       /usr/lib/gcc/avr/5.4.0/../../../avr/lib/avrxmega6/crtatxmega128d3.o
__vector_2                                        /usr/lib/gcc/avr/5.4.0/../../../avr/lib/avrxmega6/crtatxmega128d3.o
__vector_20                                       /usr/lib/gcc/avr/5.4.0/../../../avr/lib/avrxmega6/crtatxmega128d3.o
__vector_21                                       /usr/lib/gcc/avr/5.4.0/../../../avr/lib/avrxmega6/crtatxmega128d3.o
__vector_22                                       /usr/lib/gcc/avr/5.4.0/../../../avr/lib/avrxmega6/crtatxmega128d3.o
__vector_23                                       /usr/lib/gcc/avr/5.4.0/../../../avr/lib/avrxmega6/crtatxmega128d3.o
__vector_24                                       /usr/lib/gcc/avr/5.4.0/../../../avr/lib/avrxmega6/crtatxmega128d3.o
__vector_25                                       /usr/lib/gcc/avr/5.4.0/../../../avr/lib/avrxmega6/crtatxmega128d3.o
__vector_26                                       /usr/lib/gcc/avr/5.4.0/../../../avr/lib/avrxmega6/crtatxmega128d3.o
__vector_27                                       /usr/lib/gcc/avr/5.4.0/../../../avr/lib/avrxmega6/crtatxmega128d3.o
__vector_28                                       /usr/lib/gcc/avr/5.4.0/../../../avr/lib/avrxmega6/crtatxmega128d3.o
__vector_29                                       /usr/lib/gcc/avr/5.4.0/../../../avr/lib/avrxmega6/crtatxmega128d3.o
__vector_3                                        /usr/lib/gcc/avr/5.4.0/../../../avr/lib/avrxmega6/crtatxmega128d3.o
__vector_30                                       /usr/lib/gcc/avr/5.4.0/../../../avr/lib/avrxmega6/crtatxmega128d3.o
__vector_31                                       /usr/lib/gcc/avr/5.4.0/../../../avr/lib/avrxmega6/crtatxmega128d3.o
__vector_32                                       /usr/lib/gcc/avr/5.4.0/../../../avr/lib/avrxmega6/crtatxmega128d3.o
__vector_33                                       /usr/lib/gcc/avr/5.4.0/../../../avr/lib/avrxmega6/crtatxmega128d3.o
__vector_34                                       /usr/lib/gcc/avr/5.4.0/../../../avr/lib/avrxmega6/crtatxmega128d3.o
__vector_35                                       /usr/lib/gcc/avr/5.4.0/../../../avr/lib/avrxmega6/crtatxmega128d3.o
__vector_36                                       /usr/lib/gcc/avr/5.4.0/../../../avr/lib/avrxmega6/crtatxmega128d3.o
__vector_37                                       /usr/lib/gcc/avr/5.4.0/../../../avr/lib/avrxmega6/crtatxmega128d3.o
__vector_38                                       /usr/lib/gcc/avr/5.4.0/../../../avr/lib/avrxmega6/crtatxmega128d3.o
__vector_39                                       /usr/lib/gcc/avr/5.4.0/../../../avr/lib/avrxmega6/crtatxmega128d3.o
__vector_4                                        /usr/lib/gcc/avr/5.4.0/../../../avr/lib/avrxmega6/crtatxmega128d3.o
__vector_40                                       /usr/lib/gcc/avr/5.4.0/../../../avr/lib/avrxmega6/crtatxmega128d3.o
__vector_41                                       /usr/lib/gcc/avr/5.4.0/../../../avr/lib/avrxmega6/crtatxmega128d3.o
__vector_42                                       /usr/lib/gcc/avr/5.4.0/../../../avr/lib/avrxmega6/crtatxmega128d3.o
__vector_43                                       /usr/lib/gcc/avr/5.4.0/../../../avr/lib/avrxmega6/crtatxmega128d3.o
__vector_44                                       /usr/lib/gcc/avr/5.4.0/../../../avr/lib/avrxmega6/crtatxmega128d3.o
__vector_45                                       /usr/lib/gcc/avr/5.4.0/../../../avr/lib/avrxmega6/crtatxmega128d3.o
__vector_46                                       /usr/lib/gcc/avr/5.4.0/../../../avr/lib/avrxmega6/crtatxmega128d3.o
__vector_47                                       /usr/lib/gcc/avr/5.4.0/../../../avr/lib/avrxmega6/crtatxmega128d3.o
__vector_48                                       /usr/lib/gcc/avr/5.4.0/../../../avr/lib/avrxmega6/crtatxmega128d3.o
__vector_49                                       /usr/lib/gcc/avr/5.4.0/../../../avr/lib/avrxmega6/crtatxmega128d3.o
__vector_5                                        /usr/lib/gcc/avr/5.4.0/../../../avr/lib/avrxmega6/crtatxmega128d3.o
__vector_50                                       /usr/lib/gcc/avr/5.4.0/../../../avr/lib/avrxmega6/crtatxmega128d3.o
__vector_51                                       /usr/lib/gcc/avr/5.4.0/../../../avr/lib/avrxmega6/crtatxmega128d3.o
__vector_52                                       /usr/lib/gcc/avr/5.4.0/../../../avr/lib/avrxmega6/crtatxmega128d3.o
__vector_53                                       /usr/lib/gcc/avr/5.4.0/../../../avr/lib/avrxmega6/crtatxmega128d3.o
__vector_54                                       /usr/lib/gcc/avr/5.4.0/../../../avr/lib/avrxmega6/crtatxmega128d3.o
__vector_55                                       /usr/lib/gcc/avr/5.4.0/../../../avr/lib/avrxmega6/crtatxmega128d3.o
__vector_56                                       /usr/lib/gcc/avr/5.4.0/../../../avr/lib/avrxmega6/crtatxmega128d3.o
__vector_57                                       /usr/lib/gcc/avr/5.4.0/../../../avr/lib/avrxmega6/crtatxmega128d3.o
__vector_58                                       /usr/lib/gcc/avr/5.4.0/../../../avr/lib/avrxmega6/crtatxmega128d3.o
__vector_59                                       /usr/lib/gcc/avr/5.4.0/../../../avr/lib/avrxmega6/crtatxmega128d3.o
__vector_6                                        /usr/lib/gcc/avr/5.4.0/../../../avr/lib/avrxmega6/crtatxmega128d3.o
__vector_60                                       /usr/lib/gcc/avr/5.4.0/../../../avr/lib/avrxmega6/crtatxmega128d3.o
__vector_61                                       /usr/lib/gcc/avr/5.4.0/../../../avr/lib/avrxmega6/crtatxmega128d3.o
__vector_62                                       /usr/lib/gcc/avr/5.4.0/../../../avr/lib/avrxmega6/crtatxmega128d3.o
__vector_63                                       /usr/lib/gcc/avr/5.4.0/../../../avr/lib/avrxmega6/crtatxmega128d3.o
__vector_64                                       /usr/lib/gcc/avr/5.4.0/../../../avr/lib/avrxmega6/crtatxmega128d3.o
__vector_65                                       /usr/lib/gcc/avr/5.4.0/../../../avr/lib/avrxmega6/crtatxmega128d3.o
__vector_66                                       /usr/lib/gcc/avr/5.4.0/../../../avr/lib/avrxmega6/crtatxmega128d3.o
__vector_67                                       /usr/lib/gcc/avr/5.4.0/../../../avr/lib/avrxmega6/crtatxmega128d3.o
__vector_68                                       /usr/lib/gcc/avr/5.4.0/../../../avr/lib/avrxmega6/crtatxmega128d3.o
__vector_69                                       /usr/lib/gcc/avr/5.4.0/../../../avr/lib/avrxmega6/crtatxmega128d3.o
__vector_7                                        /usr/lib/gcc/avr/5.4.0/../../../avr/lib/avrxmega6/crtatxmega128d3.o
__vector_70                                       /usr/lib/gcc/avr/5.4.0/../../../avr/lib/avrxmega6/crtatxmega128d3.o
__vector_71                                       /usr/lib/gcc/avr/5.4.0/../../../avr/lib/avrxmega6/crtatxmega128d3.o
__vector_72                                       /usr/lib/gcc/avr/5.4.0/../../../avr/lib/avrxmega6/crtatxmega128d3.o
__vector_73                                       /usr/lib/gcc/avr/5.4.0/../../../avr/lib/avrxmega6/crtatxmega128d3.o
__vector_74                                       /usr/lib/gcc/avr/5.4.0/../../../avr/lib/avrxmega6/crtatxmega128d3.o
__vector_75                                       /usr/lib/gcc/avr/5.4.0/../../../avr/lib/avrxmega6/crtatxmega128d3.o
__vector_76                                       /usr/lib/gcc/avr/5.4.0/../../../avr/lib/avrxmega6/crtatxmega128d3.o
__vector_77                                       /usr/lib/gcc/avr/5.4.0/../../../avr/lib/avrxmega6/crtatxmega128d3.o
__vector_78                                       /usr/lib/gcc/avr/5.4.0/../../../avr/lib/avrxmega6/crtatxmega128d3.o
__vector_79                                       /usr/lib/gcc/avr/5.4.0/../../../avr/lib/avrxmega6/crtatxmega128d3.o
__vector_8                                        /usr/lib/gcc/avr/5.4.0/../../../avr/lib/avrxmega6/crtatxmega128d3.o
__vector_80                                       /usr/lib/gcc/avr/5.4.0/../../../avr/lib/avrxmega6/crtatxmega128d3.o
__vector_81                                       /usr/lib/gcc/avr/5.4.0/../../../avr/lib/avrxmega6/crtatxmega128d3.o
__vector_82                                       /usr/lib/gcc/avr/5.4.0/../../../avr/lib/avrxmega6/crtatxmega128d3.o
__vector_83                                       /usr/lib/gcc/avr/5.4.0/../../../avr/lib/avrxmega6/crtatxmega128d3.o
__vector_84                                       /usr/lib/gcc/avr/5.4.0/../../../avr/lib/avrxmega6/crtatxmega128d3.o
__vector_85                                       /usr/lib/gcc/avr/5.4.0/../../../avr/lib/avrxmega6/crtatxmega128d3.o
__vector_86                                       /usr/lib/gcc/avr/5.4.0/../../../avr/lib/avrxmega6/crtatxmega128d3.o
__vector_87                                       /usr/lib/gcc/avr/5.4.0/../../../avr/lib/avrxmega6/crtatxmega128d3.o
__vector_88                                       /usr/lib/gcc/avr/5.4.0/../../../avr/lib/avrxmega6/crtatxmega128d3.o
__vector_89                                       /usr/lib/gcc/avr/5.4.0/../../../avr/lib/avrxmega6/crtatxmega128d3.o
__vector_9                                        /usr/lib/gcc/avr/5.4.0/../../../avr/lib/avrxmega6/crtatxmega128d3.o
__vector_90                                       /usr/lib/gcc/avr/5.4.0/../../../avr/lib/avrxmega6/crtatxmega128d3.o
__vector_91                                       /usr/lib/gcc/avr/5.4.0/../../../avr/lib/avrxmega6/crtatxmega128d3.o
__vector_92                                       /usr/lib/gcc/avr/5.4.0/../../../avr/lib/avrxmega6/crtatxmega128d3.o
__vector_93                                       /usr/lib/gcc/avr/5.4.0/../../../avr/lib/avrxmega6/crtatxmega128d3.o
__vector_94                                       /usr/lib/gcc/avr/5.4.0/../../../avr/lib/avrxmega6/crtatxmega128d3.o
__vector_95                                       /usr/lib/gcc/avr/5.4.0/../../../avr/lib/avrxmega6/crtatxmega128d3.o
__vector_96                                       /usr/lib/gcc/avr/5.4.0/../../../avr/lib/avrxmega6/crtatxmega128d3.o
__vector_97                                       /usr/lib/gcc/avr/5.4.0/../../../avr/lib/avrxmega6/crtatxmega128d3.o
__vector_98                                       /usr/lib/gcc/avr/5.4.0/../../../avr/lib/avrxmega6/crtatxmega128d3.o
__vector_99                                       /usr/lib/gcc/avr/5.4.0/../../../avr/lib/avrxmega6/crtatxmega128d3.o
__vector_default                                  /usr/lib/gcc/avr/5.4.0/../../../avr/lib/avrxmega6/crtatxmega128d3.o
__vectors                                         /usr/lib/gcc/avr/5.4.0/../../../avr/lib/avrxmega6/crtatxmega128d3.o
_exit                                             /usr/lib/gcc/avr/5.4.0/avrxmega6/libgcc.a(_exit.o)
check_version                                     objdir-CWLITEXMEGA/simpleserial.o
exit                                              /usr/lib/gcc/avr/5.4.0/avrxmega6/libgcc.a(_exit.o)
                                                  /usr/lib/gcc/avr/5.4.0/../../../avr/lib/avrxmega6/crtatxmega128d3.o
hello                                             objdir-CWLITEXMEGA/example_1.o
init_uart0                                        objdir-CWLITEXMEGA/uart.o
                                                  objdir-CWLITEXMEGA/example_1.o
input_ch_0                                        objdir-CWLITEXMEGA/uart.o
                                                  objdir-CWLITEXMEGA/simpleserial.o
input_ch_w_timeout_0                              objdir-CWLITEXMEGA/uart.o
main                                              objdir-CWLITEXMEGA/example_1.o
                                                  /usr/lib/gcc/avr/5.4.0/../../../avr/lib/avrxmega6/crtatxmega128d3.o
output_ch_0                                       objdir-CWLITEXMEGA/uart.o
                                                  objdir-CWLITEXMEGA/simpleserial.o
platform_init                                     objdir-CWLITEXMEGA/xmega_hal.o
                                                  objdir-CWLITEXMEGA/example_1.o
simpleserial_addcmd                               objdir-CWLITEXMEGA/simpleserial.o
                                                  objdir-CWLITEXMEGA/example_1.o
simpleserial_get                                  objdir-CWLITEXMEGA/simpleserial.o
                                                  objdir-CWLITEXMEGA/example_1.o
simpleserial_init                                 objdir-CWLITEXMEGA/simpleserial.o
                                                  objdir-CWLITEXMEGA/example_1.o
simpleserial_put                                  objdir-CWLITEXMEGA/simpleserial.o
                                                  objdir-CWLITEXMEGA/example_1.o
ss_crc                                            objdir-CWLITEXMEGA/simpleserial.o
ss_get_commands                                   objdir-CWLITEXMEGA/simpleserial.o
ss_puts                                           objdir-CWLITEXMEGA/simpleserial.o
stuff_data                                        objdir-CWLITEXMEGA/simpleserial.o
unstuff_data                                      objdir-CWLITEXMEGA/simpleserial.o
